../MIDWARE/FATFS_SD/FATFS_SD.c:18:13:SELECT	8	static
../MIDWARE/FATFS_SD/FATFS_SD.c:24:13:DESELECT	8	static
../MIDWARE/FATFS_SD/FATFS_SD.c:30:13:SPI_TxByte	16	static
../MIDWARE/FATFS_SD/FATFS_SD.c:40:13:SPI_TxBuffer	16	static
../MIDWARE/FATFS_SD/FATFS_SD.c:47:16:SPI_RxByte	16	static
../MIDWARE/FATFS_SD/FATFS_SD.c:62:13:SPI_RxBytePtr	16	static
../MIDWARE/FATFS_SD/FATFS_SD.c:70:16:SD_ReadyWait	16	static
../MIDWARE/FATFS_SD/FATFS_SD.c:87:13:SD_PowerOn	24	static
../MIDWARE/FATFS_SD/FATFS_SD.c:118:13:SD_PowerOff	4	static
../MIDWARE/FATFS_SD/FATFS_SD.c:124:16:SD_CheckPower	4	static
../MIDWARE/FATFS_SD/FATFS_SD.c:129:6:discardCRC	8	static
../MIDWARE/FATFS_SD/FATFS_SD.c:135:13:SD_RxDataBlock	24	static
../MIDWARE/FATFS_SD/FATFS_SD.c:160:13:SD_TxDataBlock	24	static
../MIDWARE/FATFS_SD/FATFS_SD.c:193:13:SD_SendCmd	24	static
../MIDWARE/FATFS_SD/FATFS_SD.c:224:9:SD_disk_initialize	32	static
../MIDWARE/FATFS_SD/FATFS_SD.c:308:9:SD_disk_status	16	static
../MIDWARE/FATFS_SD/FATFS_SD.c:315:9:SD_disk_read	24	static
../MIDWARE/FATFS_SD/FATFS_SD.c:357:9:SD_disk_write	24	static
../MIDWARE/FATFS_SD/FATFS_SD.c:412:9:SD_disk_ioctl	56	static
