../MIDWARE/FATFS_SD/FATFS_SD.c:27:13:SELECT	8	static
../MIDWARE/FATFS_SD/FATFS_SD.c:33:13:DESELECT	8	static
../MIDWARE/FATFS_SD/FATFS_SD.c:39:13:SPI_TxByte	16	static
../MIDWARE/FATFS_SD/FATFS_SD.c:46:13:SPI_TxBuffer	16	static
../MIDWARE/FATFS_SD/FATFS_SD.c:53:16:SPI_RxByte	24	static
../MIDWARE/FATFS_SD/FATFS_SD.c:63:13:SPI_RxBytePtr	16	static
../MIDWARE/FATFS_SD/FATFS_SD.c:71:16:SD_ReadyWait	16	static
../MIDWARE/FATFS_SD/FATFS_SD.c:84:13:SD_PowerOn	24	static
../MIDWARE/FATFS_SD/FATFS_SD.c:115:13:SD_PowerOff	4	static
../MIDWARE/FATFS_SD/FATFS_SD.c:121:16:SD_CheckPower	4	static
../MIDWARE/FATFS_SD/FATFS_SD.c:127:13:SD_RxDataBlock	24	static
../MIDWARE/FATFS_SD/FATFS_SD.c:150:13:SD_TxDataBlock	24	static
../MIDWARE/FATFS_SD/FATFS_SD.c:184:13:SD_SendCmd	24	static
../MIDWARE/FATFS_SD/FATFS_SD.c:215:9:SD_disk_initialize	32	static
../MIDWARE/FATFS_SD/FATFS_SD.c:300:9:SD_disk_status	16	static
../MIDWARE/FATFS_SD/FATFS_SD.c:307:9:SD_disk_read	24	static
../MIDWARE/FATFS_SD/FATFS_SD.c:349:9:SD_disk_write	24	static
../MIDWARE/FATFS_SD/FATFS_SD.c:404:9:SD_disk_ioctl	56	static
